
   FAIL  Tests\Feature\OrgApp\EmployeeTest
  Γ¿» it renders the create employee page              0.57s  
  Γ¿» it validates required fields                     0.07s  
  Γ¿» it validates unique fields                       0.03s  
  Γ¿» it creates an employee                           0.06s  
  ΓöÇΓöÇΓöÇΓöÇΓöÇΓöÇΓöÇΓöÇΓöÇΓöÇΓöÇΓöÇΓöÇΓöÇΓöÇΓöÇΓöÇΓöÇΓöÇΓöÇΓöÇΓöÇΓöÇΓöÇΓöÇΓöÇΓöÇΓöÇΓöÇΓöÇΓöÇΓöÇΓöÇΓöÇΓöÇΓöÇΓöÇΓöÇΓöÇΓöÇΓöÇΓöÇΓöÇΓöÇΓöÇΓöÇΓöÇΓöÇΓöÇΓöÇΓöÇΓöÇΓöÇΓöÇΓöÇΓöÇ  
   FAILED  Tests\Feature\OrgApp\EmployeeTΓÇª  ViewException   
  SQLSTATE[HY000]: General error: 1 no such table: statuses (Connection: sqlite, Database: :memory:, SQL: select * from "statuses") (View: C:\xampp\htdocs\feras\org-dashboard\resources\views\livewire\org-app\employee\employee-form.blade.php) (View: C:\xampp\htdocs\feras\org-dashboard\resources\views\livewire\org-app\employee\employee-form.blade.php) (View: C:\xampp\htdocs\feras\org-dashboard\resources\views\livewire\org-app\employee\employee-form.blade.php)

  at vendor\laravel\framework\src\Illuminate\Database\Connection.php:838
    834Γûò             $exceptionType = $this->isUniqueConstraintError($e)
    835Γûò                 ? UniqueConstraintViolationException::class
    836Γûò                 : QueryException::class;
    837Γûò 
  Γ₧£ 838Γûò             throw new $exceptionType(
    839Γûò                 $this->getNameWithReadWriteType(),
    840Γûò                 $query,
    841Γûò                 $this->prepareBindings($bindings),
    842Γûò                 $e,

  1   vendor\laravel\framework\src\Illuminate\Database\Connection.php:838
  2   vendor\livewire\livewire\src\Mechanisms\ExtendBlade\ExtendedCompilerEngine.php:58

  ΓöÇΓöÇΓöÇΓöÇΓöÇΓöÇΓöÇΓöÇΓöÇΓöÇΓöÇΓöÇΓöÇΓöÇΓöÇΓöÇΓöÇΓöÇΓöÇΓöÇΓöÇΓöÇΓöÇΓöÇΓöÇΓöÇΓöÇΓöÇΓöÇΓöÇΓöÇΓöÇΓöÇΓöÇΓöÇΓöÇΓöÇΓöÇΓöÇΓöÇΓöÇΓöÇΓöÇΓöÇΓöÇΓöÇΓöÇΓöÇΓöÇΓöÇΓöÇΓöÇΓöÇΓöÇΓöÇΓöÇ  
   FAILED  Tests\Feature\OrgApp\EmployeeTΓÇª  ViewException   
  SQLSTATE[HY000]: General error: 1 no such table: statuses (Connection: sqlite, Database: :memory:, SQL: select * from "statuses") (View: C:\xampp\htdocs\feras\org-dashboard\resources\views\livewire\org-app\employee\employee-form.blade.php) (View: C:\xampp\htdocs\feras\org-dashboard\resources\views\livewire\org-app\employee\employee-form.blade.php) (View: C:\xampp\htdocs\feras\org-dashboard\resources\views\livewire\org-app\employee\employee-form.blade.php)

  at vendor\laravel\framework\src\Illuminate\Database\Connection.php:838
    834Γûò             $exceptionType = $this->isUniqueConstraintError($e)
    835Γûò                 ? UniqueConstraintViolationException::class
    836Γûò                 : QueryException::class;
    837Γûò 
  Γ₧£ 838Γûò             throw new $exceptionType(
    839Γûò                 $this->getNameWithReadWriteType(),
    840Γûò                 $query,
    841Γûò                 $this->prepareBindings($bindings),
    842Γûò                 $e,

  1   vendor\laravel\framework\src\Illuminate\Database\Connection.php:838
  2   vendor\livewire\livewire\src\Mechanisms\ExtendBlade\ExtendedCompilerEngine.php:58

  ΓöÇΓöÇΓöÇΓöÇΓöÇΓöÇΓöÇΓöÇΓöÇΓöÇΓöÇΓöÇΓöÇΓöÇΓöÇΓöÇΓöÇΓöÇΓöÇΓöÇΓöÇΓöÇΓöÇΓöÇΓöÇΓöÇΓöÇΓöÇΓöÇΓöÇΓöÇΓöÇΓöÇΓöÇΓöÇΓöÇΓöÇΓöÇΓöÇΓöÇΓöÇΓöÇΓöÇΓöÇΓöÇΓöÇΓöÇΓöÇΓöÇΓöÇΓöÇΓöÇΓöÇΓöÇΓöÇΓöÇ  
   FAILED  Tests\Feature\OrgApp\EmployeeΓÇª  QueryException   
  SQLSTATE[HY000]: General error: 1 no such table: main.statuses (Connection: sqlite, Database: :memory:, SQL: insert into "employees" ("employee_number", "full_name", "email", "gender", "activation", "updated_at", "created_at") values (12345, John Doe, john@example.com, 1, 1, 2026-02-07 12:13:37, 2026-02-07 12:13:37))

  at vendor\laravel\framework\src\Illuminate\Database\Connection.php:578
    574Γûò             if ($this->pretending()) {
    575Γûò                 return true;
    576Γûò             }
    577Γûò 
  Γ₧£ 578Γûò             $statement = $this->getPdo()->prepare($query);
    579Γûò 
    580Γûò             $this->bindValues($statement, $this->prepareBindings($bindings));
    581Γûò 
    582Γûò             $this->recordsHaveBeenModified();

  1   vendor\laravel\framework\src\Illuminate\Database\Connection.php:578
  2   vendor\laravel\framework\src\Illuminate\Database\Connection.php:827

  ΓöÇΓöÇΓöÇΓöÇΓöÇΓöÇΓöÇΓöÇΓöÇΓöÇΓöÇΓöÇΓöÇΓöÇΓöÇΓöÇΓöÇΓöÇΓöÇΓöÇΓöÇΓöÇΓöÇΓöÇΓöÇΓöÇΓöÇΓöÇΓöÇΓöÇΓöÇΓöÇΓöÇΓöÇΓöÇΓöÇΓöÇΓöÇΓöÇΓöÇΓöÇΓöÇΓöÇΓöÇΓöÇΓöÇΓöÇΓöÇΓöÇΓöÇΓöÇΓöÇΓöÇΓöÇΓöÇΓöÇ  
   FAILED  Tests\Feature\OrgApp\EmployeeTΓÇª  ViewException   
  SQLSTATE[HY000]: General error: 1 no such table: statuses (Connection: sqlite, Database: :memory:, SQL: select * from "statuses") (View: C:\xampp\htdocs\feras\org-dashboard\resources\views\livewire\org-app\employee\employee-form.blade.php) (View: C:\xampp\htdocs\feras\org-dashboard\resources\views\livewire\org-app\employee\employee-form.blade.php) (View: C:\xampp\htdocs\feras\org-dashboard\resources\views\livewire\org-app\employee\employee-form.blade.php)

  at vendor\laravel\framework\src\Illuminate\Database\Connection.php:838
    834Γûò             $exceptionType = $this->isUniqueConstraintError($e)
    835Γûò                 ? UniqueConstraintViolationException::class
    836Γûò                 : QueryException::class;
    837Γûò 
  Γ₧£ 838Γûò             throw new $exceptionType(
    839Γûò                 $this->getNameWithReadWriteType(),
    840Γûò                 $query,
    841Γûò                 $this->prepareBindings($bindings),
    842Γûò                 $e,

  1   vendor\laravel\framework\src\Illuminate\Database\Connection.php:838
  2   vendor\livewire\livewire\src\Mechanisms\ExtendBlade\ExtendedCompilerEngine.php:58


  Tests:    4 failed (0 assertions)
  Duration: 0.91s

